Initialized native services in: C:\Users\ASUS\.gradle\native
Initialized jansi services in: C:\Users\ASUS\.gradle\native
The client will now receive all logging from the daemon (pid: 10212). The daemon log file: C:\Users\ASUS\.gradle\daemon\7.3.3\daemon-10212.out.log
Starting 3rd build in daemon [uptime: 21.991 secs, performance: 100%, non-heap usage: 19% of 256 MiB]
Using 12 worker leases.
Now considering [C:\Users\ASUS\Documents\APP_GANJAH\BACK_APP_GANJAH] as hierarchies to watch
Watching the file system is configured to be enabled if available
File system watching is active
Starting Build
Settings evaluated using settings file 'C:\Users\ASUS\Documents\APP_GANJAH\BACK_APP_GANJAH\settings.gradle'.
Projects loaded. Root project using build file 'C:\Users\ASUS\Documents\APP_GANJAH\BACK_APP_GANJAH\build.gradle'.
Included projects: [root project 'backend']

> Configure project :
Evaluating root project 'backend' using build file 'C:\Users\ASUS\Documents\APP_GANJAH\BACK_APP_GANJAH\build.gradle'.

FAILURE: Build failed with an exception.

* What went wrong:
A problem occurred configuring root project 'backend'.
> Could not resolve all files for configuration ':classpath'.
   > Could not resolve org.springframework.boot:spring-boot-gradle-plugin:3.2.3.
     Required by:
         project : > org.springframework.boot:org.springframework.boot.gradle.plugin:3.2.3
      > No matching variant of org.springframework.boot:spring-boot-gradle-plugin:3.2.3 was found. The consumer was configured to find a runtime of a library compatible with Java 11, packaged as a jar, and its dependencies declared externally, as well as attribute 'org.gradle.plugin.api-version' with value '7.3.3' but:
          - Variant 'apiElements' capability org.springframework.boot:spring-boot-gradle-plugin:3.2.3 declares a library, packaged as a jar, and its dependencies declared externally:
              - Incompatible because this component declares an API of a component compatible with Java 17 and the consumer needed a runtime of a component compatible with Java 11
              - Other compatible attribute:
                  - Doesn't say anything about org.gradle.plugin.api-version (required '7.3.3')
          - Variant 'javadocElements' capability org.springframework.boot:spring-boot-gradle-plugin:3.2.3 declares a runtime of a component, and its dependencies declared externally:
              - Incompatible because this component declares documentation and the consumer needed a library
              - Other compatible attributes:
                  - Doesn't say anything about its target Java version (required compatibility with Java 11)
                  - Doesn't say anything about its elements (required them packaged as a jar)
                  - Doesn't say anything about org.gradle.plugin.api-version (required '7.3.3')
          - Variant 'mavenOptionalApiElements' capability org.springframework.boot:spring-boot-gradle-plugin-maven-optional:3.2.3 declares a library, packaged as a jar, and its dependencies declared externally:
              - Incompatible because this component declares an API of a component compatible with Java 17 and the consumer needed a runtime of a component compatible with Java 11
              - Other compatible attribute:
                  - Doesn't say anything about org.gradle.plugin.api-version (required '7.3.3')
          - Variant 'mavenOptionalRuntimeElements' capability org.springframework.boot:spring-boot-gradle-plugin-maven-optional:3.2.3 declares a runtime of a library, packaged as a jar, and its dependencies declared externally:
              - Incompatible because this component declares a component compatible with Java 17 and the consumer needed a component compatible with Java 11
              - Other compatible attribute:
                  - Doesn't say anything about org.gradle.plugin.api-version (required '7.3.3')
          - Variant 'runtimeElements' capability org.springframework.boot:spring-boot-gradle-plugin:3.2.3 declares a runtime of a library, packaged as a jar, and its dependencies declared externally:
              - Incompatible because this component declares a component compatible with Java 17 and the consumer needed a component compatible with Java 11
              - Other compatible attribute:
                  - Doesn't say anything about org.gradle.plugin.api-version (required '7.3.3')
          - Variant 'sourcesElements' capability org.springframework.boot:spring-boot-gradle-plugin:3.2.3 declares a runtime of a component, and its dependencies declared externally:
              - Incompatible because this component declares documentation and the consumer needed a library
              - Other compatible attributes:
                  - Doesn't say anything about its target Java version (required compatibility with Java 11)
                  - Doesn't say anything about its elements (required them packaged as a jar)
                  - Doesn't say anything about org.gradle.plugin.api-version (required '7.3.3')

* Try:
> Run with --stacktrace option to get the stack trace.
> Run with --debug option to get more log output.
> Run with --scan to get full insights.

* Get more help at https://help.gradle.org

BUILD FAILED in 1s
Watched directory hierarchies: []
